// Jest Snapshot v1, https://goo.gl/fbAQLP

exports[`AdminPage tests should match snapshot 1`] = `
<div>
  <h4
    class="MuiTypography-root makeStyles-pageTitle-2 MuiTypography-h4"
  >
    List of users
  </h4>
  <div
    class="MuiCircularProgress-root makeStyles-progress-10 MuiCircularProgress-indeterminate"
    role="progressbar"
    style="width: 40px; height: 40px;"
  >
    <svg
      class="MuiCircularProgress-svg"
      viewBox="22 22 44 44"
    >
      <circle
        class="MuiCircularProgress-circle MuiCircularProgress-circleIndeterminate"
        cx="44"
        cy="44"
        fill="none"
        r="20.2"
        stroke-width="3.6"
      />
    </svg>
  </div>
</div>
`;
