// Jest Snapshot v1, https://goo.gl/fbAQLP

exports[`ProfilePage tests should match snapshot 1`] = `
<div>
  <div
    class="MuiCircularProgress-root makeStyles-progress-1 MuiCircularProgress-indeterminate"
    data-testid="info-loading"
    role="progressbar"
    style="width: 40px; height: 40px;"
  >
    <svg
      class="MuiCircularProgress-svg"
      viewBox="22 22 44 44"
    >
      <circle
        class="MuiCircularProgress-circle MuiCircularProgress-circleIndeterminate"
        cx="44"
        cy="44"
        fill="none"
        r="20.2"
        stroke-width="3.6"
      />
    </svg>
  </div>
</div>
`;
