// Jest Snapshot v1, https://goo.gl/fbAQLP

exports[`Unauthorized tests should match snapshot 1`] = `
<div>
  <h2>
    Unauthorized
  </h2>
</div>
`;
